■■■ 오라클 접속 및 구동 ■■■


지금 보고 있는 파트는 admin 파트.


>> 명령 프롬프트 상태에서 

-- ○ 접속된 사용자 없이 단순히 SQL 프롬프트만 띄우도록 한 것

입력>> 
C:\Users\sist>sqlplus/nolog

>>출력 
SQL*Plus: Release 11.2.0.2.0 Production on 월 3월 25 11:40:19 2019

Copyright (c) 1982, 2014, Oracle.  All rights reserved.


-- ※ 『sqlplus』는 SQL 을 수행하기 위해 ORACLE 에서 제공하는 도구(툴, 유틸리티)이다.
-- SQL> 로 입력 커서 있는 부분이 바뀌는데, 구조화된 질의 언어만 사용할 수 있는 모드로 바뀐 것

-- 『C:\oraclexe\app\oracle\product\11.2.0\server\bin』에 존재하는 『sqlplus.exe』
   이미 이 경로가 환경변수 path에 등록되어 있으므로 
   해당 경로까지 찾아들어가지 않아도 『C:\Users\sist>sqlplus』와 같이
   명령어 사용이 가능한 상태인 것이다. 


입력>>
SQL> dir

>>출력
SP2-0042: unknown command "dir" - rest of line ignored.
SQL>


입력>>
SQL> ipconpig

>> 출력
SP2-0042: unknown command "ipconpig" - rest of line ignored.
SQL>


-- ※이제는 일반적인 도스 명령어(윈도우 명령어)를 수행할 수 없다.
   (수행할 수 있는 상태가 아니다.)

 

-- ○ 현재 접속한 사용자 계정을 조회하는 구문

** 사용자 계정 확인하기 
입력>>
SQL> show user

>>출력
USER is ""


** 빠져나가기
>>출력
SQL> exit



-- ○ 첫 번째 관리자 계정인 『sys』로 연결해 본다.
입력>>
C:\Users\sist>sqlplus sys/java006$ as sysdba

>>출력 
SQL*Plus: Release 11.2.0.2.0 Production on 월 3월 25 12:07:11 2019

Copyright (c) 1982, 2014, Oracle.  All rights reserved.


Connected to:
Oracle Database 11g Express Edition Release 11.2.0.2.0 - 64bit Production


입력>>
SQL> show user

>>출력
USER is "SYS"

-- ※ 현재 우리는 sys계정을 통해
      오라클 최고 관리자 권한을 가진 상태에서 
      오라클 서버에 접속한 상태이다.

-- ○ 오라클 서버 인스턴스 상태 조회(사용가능상태 여부 확인)
-- 전원의 on/off 여부 등 일반적으로 접속의 가능 여부를 
   확인할 때 사용하는 명령 


입력>> 
SQL> select status from v$instance;

>> 출력 
STATUS
------------------------
OPEN

SQL>

-- 오라클 서버가 정상적으로 startup 되었음을 의미. 



-- ○ 두 번째로, 일반 사용자 계정인 『hr』로 연결을 시도
-- 

입력>> 
exit 입력 후 →
C:\Users\sist>sqlplus hr/lion

>> 출력
SQL*Plus: Release 11.2.0.2.0 Production on 월 3월 25 12:19:51 2019

Copyright (c) 1982, 2014, Oracle.  All rights reserved.

ERROR:
ORA-28000: the account is locked


Enter user-name:

→ 오라클 에러 발생. 오라클은 직관적임.(에러내용도 그대로 보여줌)
→ 관리자 계정에서 일반 사용자 계정을 만들 수 있음 → 그러나 계정은 잠긴 상태임. 보안/권한 설정 후 unlock 시켜줘야 쓸 수 있음.

-- 일반 사용자 계정인 『hr』은 잠겨있는 상태이므로
   오라클 서버 접속이 불가능한 상태



-- ○ sys로 연결

Enter user-name 에서 엔터 여러번 꽝꽝꽝 눌러주면 빠져나감. 

입력>>
C:\Users\sist> sys/java006$ as sysdba

>>출력
SQL*Plus: Release 11.2.0.2.0 Production on 월 3월 25 12:26:13 2019

Copyright (c) 1982, 2014, Oracle.  All rights reserved.


Connected to:
Oracle Database 11g Express Edition Release 11.2.0.2.0 - 64bit Production



-- ○ 접속된 사용자 계정 확인

입력>> 
SQL> show user

>> 출력 
USER is "SYS"



-- ○ 오라클 사용자 계정들의 상태 조회(확인) → 현재 sys 인 상태에서 

**줄이 끊어져 출력되므로, 출력창 사이즈 설정해 줌. 
SQL> set linesize 500 


입력 :
SQL> select username, account_status from dba_users;

출력 : 
USERNAME                                                     ACCOUNT_STATUS
------------------------------------------------------------ ----------------------------------------------------------------
SYS                                                          OPEN
SYSTEM                                                       OPEN
ANONYMOUS                                                    OPEN
APEX_PUBLIC_USER                                             LOCKED
FLOWS_FILES                                                  LOCKED
APEX_040000                                                  LOCKED
OUTLN                                                        EXPIRED & LOCKED
DIP                                                          EXPIRED & LOCKED
ORACLE_OCM                                                   EXPIRED & LOCKED
XS$NULL                                                      EXPIRED & LOCKED
MDSYS                                                        EXPIRED & LOCKED
CTXSYS                                                       EXPIRED & LOCKED
DBSNMP                                                       EXPIRED & LOCKED
XDB                                                          EXPIRED & LOCKED
APPQOSSYS                                                    EXPIRED & LOCKED
HR                                                           EXPIRED & LOCKED

16 rows selected.



-- ○ 계정 잠금 / 해제 → 현재 sys 인 상태에서 

입력>>
SQL> alter user hr account unlock;

>>출력
User altered.



-- ○ 잠금 해제된 사용자 계정(hr)으로 오라클 접속 시도 

입력>>
SQL> connect hr/lion

>>출력
ERROR:
ORA-01017: invalid username/password; logon denied


Warning: You are no longer connected to ORACLE.

-- 사용자 계정 및 패스워드가 잘못되었기 때문에 로그온이 거부된 상황.



-- ○ 계정 정보 변경(패스워드 설정 변경) → sys 로 접속
바꾸려고 할 때, update / alter 를 기억해야 합니다.
update는 정보차원 변경, 수정임 → update/upgrade 둘은 다르다. 
alter는 구조적 변경 


입력>>
SQL> conn sys/java006$ as sysdba

>>출력 
Connected.


입력>>
SQL> alter user hr identified by lion;

>>출력
User altered.

-- hr 계정의 패스워드를 lion 으로 설정하겠다. 



-- ○ 다시 hr 계정으로 오라클 접속 시도 
SQL> conn hr/lion
Connected.



-- ○ 접속된 사용자 계정 확인

SQL> show user
USER is "HR"
SQL>



-- ○ 현재 오라클 서버의 사용자 계정 상태에 대한 정보 조회 
입력>>
SQL> select username, account_status from dba_users;

>>출력
select username, account_status from dba_users
                                     *
ERROR at line 1:
ORA-00942: table or view does not exist

-- hr 이라는 일반 사용자 계정을 통해서는
   dba_users 의 조회가 불가능한 상황임을 확인.



-- ○ host 명령어
      도스 명령 체계로 전환하거나 
      라인 단위에서 도스 명령어 입력이 가능하다.
      예를 들면 host dir, host cls, host ipconfig 등..
      유닉스 계열에서는 『host』 명령어 뿐 아니라 『!』 도 사용이 가능하다.
      하지만, 윈도우 계열에서는 『host』 명령어만 사용이 가능하다.
      host 상태에서 빠져나갈 경우 『exit』 명령을 입력한다. 



      [ <명령 프롬프트>                               ]   
      [                                               ]
      [   [ <SQL>                                 ]   ]
      [   [                                       ]   ]
      [   [     [<host>                      ]    ]   ]
      [   [	[ 중첩 되어있는 상태라는 것. ]    ]   ]
      [   [                                       ]   ]



→ Oracle 관리자 권한으로 계정으로 가능함. → 보안상 안되야 정상임. 
계정 그룹에 대한 관리가 가능함. 
개인용 운영체제와 서버용 운영체제의 차이점은?
(이는 운영체제 개론에 대한 것) 
서버용 운영체제는 서비스를 제공하는 주체로 다수의 의사를 반영하여 다수단위로 접근하여 해결함. 리소스도 다수로 분할되어 사용됨.
반면, 개인용 운영체제는 특정 개인 의사를 반영하여 개인단위로 접근하여 해결함. 리소스가 개인에 온전히 사용됨.  

window home 에서는 안됨.
window pro 에서 접근 가능함. 
내 PC > 관리 > 로컬 사용자 및 그룹 > 그룹에서 Administrators

1) Oraclc 설치하면서 ORA_DBA 생성되었음. 

2) RA_DBA 에 [ sist ] 두 개의 계정이 있는 것을 확인할 수 있음.
             [ NT AUTHORITY\SYSTEM(S-1-5-18) ] 
   → 이것으로 sys/java006$ 관리자계정으로 들어올 수 있게 된 것임. 

입력>>
C:\Users\sist>sqlplus sldifjsdlkfjljl/dfsdklfjlskdj as sysdba

>>출력 
SQL*Plus: Release 11.2.0.2.0 Production on 월 3월 25 16:36:52 2019

Copyright (c) 1982, 2014, Oracle.  All rights reserved.

ERROR:
ORA-01031: insufficient privileges


Enter user-name:

→ 이제 아무거나 쳐도 안들어가짐.


입력>>
C:\Users\sist>sqlplus sys as sysdba

>>출력
Enter password: 
암호화 되어 보이지 않음

일반 계정도 
C:\Users\sist>sqlplus hr (or conn hr)

실무에서는 
Oracle Server 아닌 Oracle client 가 설치되어있어야 함. 
Oracle Client 에서 직접 서버로 접근, 제어하게 된다. 

SQL> conn 211.238.142.150@hr


→ 방화벽은 추후에 차차 열도록 하겠습니다.

-- ※ Administrator 가 ORA_DBA 그룹에 포함되어 있을 경우 
      취약한 보안 정책으로 인해 실무에서는 
      특별한 경우가 아니고서는 제외시키고 사용해야 한다.
      → ORA_DBA 그룹에서 윈도우 관리자 계정 제거해야함!
       
      루트 : 내컴퓨터 > 관리 > 로컬 사용자 및 그룹... 

-- ※ 제거 이후 sys 의 계정 및 패스워드가 일치하지 않으면  
      오라클 서버에 접속할 수 없는 상태가 된다. 

-- ○ hr 사용자 계정에 sysdba 권한 부여하기 → sys 가 부여함.
▶ 권한을 부여한다 : grant
▶ 권한을 박탈한다 : revoke		

입력 : 
C:\Users\sist>sqlplus sys/java006$ as sysdba

출력 :
SQL*Plus: Release 11.2.0.2.0 Production on 월 3월 25 17:12:13 2019

Copyright (c) 1982, 2014, Oracle.  All rights reserved.


Connected to:
Oracle Database 11g Express Edition Release 11.2.0.2.0 - 64bit Production


→ 관리자계정으로 login 후 

SQL> show user
USER is "SYS"

SQL> grant sysdba to hr;
Grant succeeded.

→ "너도 최고관리자 해" 라고 권한을 부여해준 것. 



-- ○ 확인 → hr 계정으로 접속 → as sysdba 로 연결 
입력 :  
SQL> conn hr/lion as sysdba

출력 : 
Connected.

SQL> show user
USER is "SYS"



-- ○ sysdba 권한을 부여받기 이전에는 불가능했던
      현재 오라클 서버에 존재하는 사용자 계정의 상태 정보 조회
      (sysdba 권한을 부여받은 hr 계정인 상태로... )

SQL> set linesize 500
SQL> select username, account_status from dba_users;

USERNAME                                                     ACCOUNT_STATUS
------------------------------------------------------------ ----------------------------------------------------------------
SYS                                                          OPEN
SYSTEM                                                       OPEN
ANONYMOUS                                                    OPEN
HR                                                           OPEN
APEX_PUBLIC_USER                                             LOCKED
FLOWS_FILES                                                  LOCKED
APEX_040000                                                  LOCKED
OUTLN                                                        EXPIRED & LOCKED
DIP                                                          EXPIRED & LOCKED
ORACLE_OCM                                                   EXPIRED & LOCKED
XS$NULL                                                      EXPIRED & LOCKED

USERNAME                                                     ACCOUNT_STATUS
------------------------------------------------------------ ----------------------------------------------------------------
MDSYS                                                        EXPIRED & LOCKED
CTXSYS                                                       EXPIRED & LOCKED
DBSNMP                                                       EXPIRED & LOCKED
XDB                                                          EXPIRED & LOCKED
APPQOSSYS                                                    EXPIRED & LOCKED

16 rows selected.



-- ○ hr 사용자 계정에 부여한 sysdba 권한 박탈 → sys가 박탈해야함.
→ 우선 sys에 접속해서 
SQL> conn sys/java006$ as sysdba
Connected.

→ 확인 
SQL> show user
USER is "SYS"

→ hr의 권한박탈
SQL> revoke sysdba from hr;
Revoke succeeded.



--○ 권한 박탈 후 hr 계정을 통해 sysdba 권한으로 접근 시도 
SQL> conn hr/lion as sysdba
ERROR:
ORA-01031: insufficient privileges


Warning: You are no longer connected to ORACLE.

-- 권한 박탈 후 hr 은 『as sysdba』로 접속이 불가능한 상태임을 확인. sys 도 접속 해제함. 



--○ 일반 사용자 계정 hr 로 오라클 서버 중지 명령 시도 
start up : 구동 시작 명령 
shut down : 구동 중지 명령 

SQL> shutdown immediate
ORA-01031: insufficient privileges → 권한이 불충분하다, 는 error 메시지

→ 즉, 일반 사용자 계정으로는 오라클 서버를 중지시킬 수 없다.

-- ○ sys로 접속하여 오라클 서버 중지 명령 시도 
SQL> conn sys/java006$ as sysdba
Connected.

SQL> show user
USER is "SYS"

SQL> shutdown immediate
Database closed.          ▶DB 닫힘 
Database dismounted.      ▶마운트해제 
ORACLE instance shut down.▶instance 닫힘


▶ 오라클 서버 구동이 중지되어, 로그인 되지 않음. 
SQL> conn hr/lion
ERROR:
ORA-01034: ORACLE not available
ORA-27101: shared memory realm does not exist
Process ID: 0
Session ID: 0 Serial number: 0

Warning: You are no longer connected to ORACLE.



--○ 오라클 서버 구동 
SQL> conn sys/java006$ as sysdba
Connected to an idle instance. → 쉬고 있는 instance에 접속되었다. 

SQL> show user
USER is "SYS"

SQL> startup
ORACLE instance started.

Total System Global Area 1068937216 bytes
Fixed Size                  2260048 bytes
Variable Size             616563632 bytes
Database Buffers          444596224 bytes
Redo Buffers                5517312 bytes



▶ 오라클 서버를 시작하는 명령
SQL> startup

▶ 오라클 서버를 중지하는 명령
SQL> shutdown immediate

※ 오라클 서버를 시작/중지하는 명령은 
   『as sysdba』 또는 『as sysoper』로 연결했을 때만 가능하다.


--○ hr 사용자 계정에 『sysoper』 권한 부여하기 → sys가... 
계정이 생성되었을 때, 어떻게 관리되고 있는지 알아야 DBA에 요청할 수 있게 된다.
이 방법을 알고 있어야, final Project 때 서버용 컴퓨터 지정후에 Client 컴퓨터에서 권한 부여받아 접속하는 방식으로 할 예정.
즉, 모르면 final Project 못함.

SQL> show user
USER is "SYS"

SQL> grant sysoper to hr;
Grant succeeded.
→ sysoper : 롤을 부여할 수 있다.



--○ 확인 
SQL> conn hr/lion as sysoper
Connected.

SQL> show user
USER is "PUBLIC" → PUBLIC : 공공의 사용자, 라는 의미의 PUBLIC

--○ sysoper 의 권한을 가진 hr 계정으로 오라클 서버 중지 명령
▶ sysoper 권한으로 shutdown 시켰을때? 가능함 

SQL> shutdown immediate
Database closed.
Database dismounted.
ORACLE instance shut down.

--○ sysoper의 권한을 가진 hr 계정으로 오라클 서버 구동 명령
▶ sysoper 권한으로 startup 시켰을때? 가능함

SQL> startup
ORACLE instance started.
Database mounted.
Database opened.


--○ sysoper 의 권한을 가진 hr 계정으로 현재 오라클 서버에 존재하고 있는 사용자계정 정보 상태 조회
▶sysoper 권한으로 현재 서버에 있는 사용자계정 조회 가능? 불가능함. 

SQL> conn hr/lion as sysoper
Connected.


SQL> select username, account_status from dba_users;
select username, account_status from dba_users
                                     *
ERROR at line 1:
ORA-00942: table or view does not exist


■■■ 오라클 서버 연결 모드의 3가지 방법 ■■■

-- 1. as sysdba
      as sysdba로 연결하면 오라클 서버의 관리자로 연결되는 것이다.
      user명은 sys로 확인된다.
      오라클 서버 관리자로 연결되는 것이기 때문에
      오라클에서 제공하는 모든 기능을 전부 활용할 수 있다.
      오라클 서버가 startup 또는 shutdown 되어도 연결이 가능한다.
      → 기본적인 연결은 『conn 계정/패스워드 as sysdba』형태로 연결하게 된다.      

-- 2. as sysoper
      as sysoper로 연결하면 오라클 서버의 운영자로 연결되는 것이다.
      user명은 public으로 확인된다.
      사용자 계정 정보 테이블에 접근하는 것은 불가능하다.
      오라클 서버의 구동 및 중지 명령 수행이 가능하다.
      오라클 서버가 startup 또는 shutdown 되어도 연결이 가능하다.
      → 기본적인 연결은 『conn 계정/패스워드 as sysoper』 형태로 연결하게 된다.

-- 3. nomal
      오라클 서버에 존재하는 일반적인 사용자로 연결되는 것이다.
      오라클 서버가 구동중인 상태에서만 연결이 가능하고 
      오라클 서버가 구동 중지 상태일 경우 연결이 불가능하다.
      관리자가 부여해준 권한(또는 롤)을 통해서만 사용 가능하다.
      → 기본적인 연결은 『conn 계정/패스워드』 형태로 연결하게 된다.
































































SQL(Structured Query Language) 
     구조화된  질의  언어 


조회 
필요한 정보를 선택적으로 확인해본다.
